
> web@0.1.0 build
> next build

   Ôû▓ Next.js 16.0.3 (Turbopack)
   - Environments: .env.local, .env

node.exe :  ÔÜá The 
"middleware" file 
convention is 
deprecated. Please 
use "proxy" instead. 
Learn more: https://ne
xtjs.org/docs/messages
/middleware-to-proxy
No linha:1 caractere:1
+ & "C:\Program Files\
nodejs/node.exe" 
"C:\Program 
Files\nodejs/node_mo 
...
+ ~~~~~~~~~~~~~~~~~~~~
~~~~~~~~~~~~~~~~~~~~~~
~~~~~~~~~~~~~~~~~~~~~~
~~~~~
    + CategoryInfo    
          : NotSpeci  
  fied: ( ÔÜá The "   
 middl...leware-to    
-proxy:String) []    
, RemoteException
    + FullyQualifiedE 
   rrorId : NativeCo  
  mmandError
 
   Creating an optimized production build ...
 Ô£ô Compiled successfully in 2.4s
   Running TypeScript ...
Failed to compile.

./prisma.config.ts:8:5
Type error: Object 
literal may only 
specify known 
properties, and 
'provider' does not 
exist in type '{ url: 
string; 
shadowDatabaseUrl?: 
string | undefined; 
}'.

[0m [90m  6 |[39m 
[36mexport[39m 
[36mdefault[39m 
defineConfig({
 [90m  7 |[39m   
datasource[33m:[39m 
{
[31m[1m>[22m[39m[
90m  8 |[39m     
provider[33m:[39m [
32m'postgresql'[39m[
33m,[39m
 [90m    |[39m     
[31m[1m^[22m[39m
 [90m  9 |[39m     
url[33m:[39m process
[33m.[39menv[33m.[
39m[33mDATABASE_URL[
39m[33m![39m[33m,[
39m
 [90m 10 |[39m   
}[33m,[39m
 [90m 11 |[39m 
})[33m;[39m[0m
Next.js build worker 
exited with code: 1 
and signal: null
